1771793334.857723 client started (8289): version 3.2a, socket /tmp/tmux-1000/default, protocol 8
1771793334.857868 on Linux 6.6.87.2-microsoft-standard-WSL2 #1 SMP PREEMPT_DYNAMIC Thu Jun  5 18:30:46 UTC 2025
1771793334.857904 using libevent 2.1.12-stable (poll); ncurses 6.3
1771793334.857948 flags are 0x18010000
1771793334.857952 socket is /tmp/tmux-1000/default
1771793334.857967 trying connect
1771793334.857987 connect failed: No such file or directory
1771793334.857998 lock file is /tmp/tmux-1000/default.lock
1771793334.860546 flock succeeded
1771793334.860584 got lock (6)
1771793334.860610 trying connect
1771793334.860640 connect failed: No such file or directory
1771793334.861350 add peer 0x57a037cb2850: 7 ((nil))
1771793334.864124 sending message 100 to peer 0x57a037cb2850 (4 bytes)
1771793334.864167 sending message 111 to peer 0x57a037cb2850 (8 bytes)
1771793334.864172 sending message 101 to peer 0x57a037cb2850 (15 bytes)
1771793334.864176 sending message 109 to peer 0x57a037cb2850 (4 bytes)
1771793334.864180 sending message 102 to peer 0x57a037cb2850 (11 bytes)
1771793334.864184 sending message 108 to peer 0x57a037cb2850 (56 bytes)
1771793334.864189 sending message 112 to peer 0x57a037cb2850 (58 bytes)
1771793334.864193 sending message 112 to peer 0x57a037cb2850 (5 bytes)
1771793334.864197 sending message 112 to peer 0x57a037cb2850 (5 bytes)
1771793334.864200 sending message 112 to peer 0x57a037cb2850 (6 bytes)
1771793334.864204 sending message 112 to peer 0x57a037cb2850 (6 bytes)
1771793334.864207 sending message 112 to peer 0x57a037cb2850 (11 bytes)
1771793334.864210 sending message 112 to peer 0x57a037cb2850 (10 bytes)
1771793334.864214 sending message 112 to peer 0x57a037cb2850 (13 bytes)
1771793334.864217 sending message 112 to peer 0x57a037cb2850 (14 bytes)
1771793334.864220 sending message 112 to peer 0x57a037cb2850 (19 bytes)
1771793334.864224 sending message 112 to peer 0x57a037cb2850 (11 bytes)
1771793334.864228 sending message 112 to peer 0x57a037cb2850 (10 bytes)
1771793334.864232 sending message 112 to peer 0x57a037cb2850 (15 bytes)
1771793334.864235 sending message 112 to peer 0x57a037cb2850 (21 bytes)
1771793334.864239 sending message 112 to peer 0x57a037cb2850 (13 bytes)
1771793334.864243 sending message 112 to peer 0x57a037cb2850 (7 bytes)
1771793334.864247 sending message 112 to peer 0x57a037cb2850 (13 bytes)
1771793334.864251 sending message 112 to peer 0x57a037cb2850 (7 bytes)
1771793334.864255 sending message 112 to peer 0x57a037cb2850 (13 bytes)
1771793334.864258 sending message 112 to peer 0x57a037cb2850 (9 bytes)
1771793334.864262 sending message 112 to peer 0x57a037cb2850 (21 bytes)
1771793334.864265 sending message 112 to peer 0x57a037cb2850 (13 bytes)
1771793334.864269 sending message 112 to peer 0x57a037cb2850 (9 bytes)
1771793334.864272 sending message 112 to peer 0x57a037cb2850 (16 bytes)
1771793334.864275 sending message 112 to peer 0x57a037cb2850 (13 bytes)
1771793334.864279 sending message 112 to peer 0x57a037cb2850 (9 bytes)
1771793334.864282 sending message 112 to peer 0x57a037cb2850 (9 bytes)
1771793334.864286 sending message 112 to peer 0x57a037cb2850 (12 bytes)
1771793334.864289 sending message 112 to peer 0x57a037cb2850 (8 bytes)
1771793334.864293 sending message 112 to peer 0x57a037cb2850 (8 bytes)
1771793334.864296 sending message 112 to peer 0x57a037cb2850 (13 bytes)
1771793334.864300 sending message 112 to peer 0x57a037cb2850 (7 bytes)
1771793334.864305 sending message 112 to peer 0x57a037cb2850 (7 bytes)
1771793334.864309 sending message 112 to peer 0x57a037cb2850 (9 bytes)
1771793334.864312 sending message 112 to peer 0x57a037cb2850 (9 bytes)
1771793334.864316 sending message 112 to peer 0x57a037cb2850 (15 bytes)
1771793334.864320 sending message 112 to peer 0x57a037cb2850 (13 bytes)
1771793334.864323 sending message 112 to peer 0x57a037cb2850 (12 bytes)
1771793334.864327 sending message 112 to peer 0x57a037cb2850 (8 bytes)
1771793334.864330 sending message 112 to peer 0x57a037cb2850 (14 bytes)
1771793334.864334 sending message 112 to peer 0x57a037cb2850 (11 bytes)
1771793334.864337 sending message 112 to peer 0x57a037cb2850 (9 bytes)
1771793334.864357 sending message 112 to peer 0x57a037cb2850 (10 bytes)
1771793334.864361 sending message 112 to peer 0x57a037cb2850 (10 bytes)
1771793334.864365 sending message 112 to peer 0x57a037cb2850 (10 bytes)
1771793334.864368 sending message 112 to peer 0x57a037cb2850 (10 bytes)
1771793334.864372 sending message 112 to peer 0x57a037cb2850 (11 bytes)
1771793334.864375 sending message 112 to peer 0x57a037cb2850 (12 bytes)
1771793334.864379 sending message 112 to peer 0x57a037cb2850 (12 bytes)
1771793334.864382 sending message 112 to peer 0x57a037cb2850 (12 bytes)
1771793334.864386 sending message 112 to peer 0x57a037cb2850 (12 bytes)
1771793334.864389 sending message 112 to peer 0x57a037cb2850 (12 bytes)
1771793334.864393 sending message 112 to peer 0x57a037cb2850 (11 bytes)
1771793334.864396 sending message 112 to peer 0x57a037cb2850 (11 bytes)
1771793334.864400 sending message 112 to peer 0x57a037cb2850 (12 bytes)
1771793334.864404 sending message 112 to peer 0x57a037cb2850 (12 bytes)
1771793334.864407 sending message 112 to peer 0x57a037cb2850 (12 bytes)
1771793334.864411 sending message 112 to peer 0x57a037cb2850 (12 bytes)
1771793334.864415 sending message 112 to peer 0x57a037cb2850 (12 bytes)
1771793334.864418 sending message 112 to peer 0x57a037cb2850 (9 bytes)
1771793334.864421 sending message 112 to peer 0x57a037cb2850 (12 bytes)
1771793334.864424 sending message 112 to peer 0x57a037cb2850 (13 bytes)
1771793334.864428 sending message 112 to peer 0x57a037cb2850 (13 bytes)
1771793334.864431 sending message 112 to peer 0x57a037cb2850 (13 bytes)
1771793334.864434 sending message 112 to peer 0x57a037cb2850 (13 bytes)
1771793334.864437 sending message 112 to peer 0x57a037cb2850 (13 bytes)
1771793334.864440 sending message 112 to peer 0x57a037cb2850 (8 bytes)
1771793334.864443 sending message 112 to peer 0x57a037cb2850 (11 bytes)
1771793334.864446 sending message 112 to peer 0x57a037cb2850 (11 bytes)
1771793334.864449 sending message 112 to peer 0x57a037cb2850 (11 bytes)
1771793334.864453 sending message 112 to peer 0x57a037cb2850 (12 bytes)
1771793334.864456 sending message 112 to peer 0x57a037cb2850 (12 bytes)
1771793334.864459 sending message 112 to peer 0x57a037cb2850 (12 bytes)
1771793334.864462 sending message 112 to peer 0x57a037cb2850 (12 bytes)
1771793334.864465 sending message 112 to peer 0x57a037cb2850 (13 bytes)
1771793334.864468 sending message 112 to peer 0x57a037cb2850 (13 bytes)
1771793334.864471 sending message 112 to peer 0x57a037cb2850 (13 bytes)
1771793334.864474 sending message 112 to peer 0x57a037cb2850 (8 bytes)
1771793334.864478 sending message 112 to peer 0x57a037cb2850 (13 bytes)
1771793334.864481 sending message 112 to peer 0x57a037cb2850 (13 bytes)
1771793334.864484 sending message 112 to peer 0x57a037cb2850 (13 bytes)
1771793334.864487 sending message 112 to peer 0x57a037cb2850 (13 bytes)
1771793334.864490 sending message 112 to peer 0x57a037cb2850 (13 bytes)
1771793334.864493 sending message 112 to peer 0x57a037cb2850 (12 bytes)
1771793334.864496 sending message 112 to peer 0x57a037cb2850 (12 bytes)
1771793334.864499 sending message 112 to peer 0x57a037cb2850 (12 bytes)
1771793334.864502 sending message 112 to peer 0x57a037cb2850 (12 bytes)
1771793334.864505 sending message 112 to peer 0x57a037cb2850 (13 bytes)
1771793334.864509 sending message 112 to peer 0x57a037cb2850 (8 bytes)
1771793334.864512 sending message 112 to peer 0x57a037cb2850 (13 bytes)
1771793334.864515 sending message 112 to peer 0x57a037cb2850 (13 bytes)
1771793334.864518 sending message 112 to peer 0x57a037cb2850 (13 bytes)
1771793334.864521 sending message 112 to peer 0x57a037cb2850 (13 bytes)
1771793334.864524 sending message 112 to peer 0x57a037cb2850 (13 bytes)
1771793334.864527 sending message 112 to peer 0x57a037cb2850 (13 bytes)
1771793334.864530 sending message 112 to peer 0x57a037cb2850 (13 bytes)
1771793334.864533 sending message 112 to peer 0x57a037cb2850 (12 bytes)
1771793334.864536 sending message 112 to peer 0x57a037cb2850 (12 bytes)
1771793334.864539 sending message 112 to peer 0x57a037cb2850 (12 bytes)
1771793334.864546 sending message 112 to peer 0x57a037cb2850 (8 bytes)
1771793334.864549 sending message 112 to peer 0x57a037cb2850 (12 bytes)
1771793334.864552 sending message 112 to peer 0x57a037cb2850 (13 bytes)
1771793334.864555 sending message 112 to peer 0x57a037cb2850 (13 bytes)
1771793334.864558 sending message 112 to peer 0x57a037cb2850 (13 bytes)
1771793334.864561 sending message 112 to peer 0x57a037cb2850 (13 bytes)
1771793334.864564 sending message 112 to peer 0x57a037cb2850 (13 bytes)
1771793334.864568 sending message 112 to peer 0x57a037cb2850 (13 bytes)
1771793334.864571 sending message 112 to peer 0x57a037cb2850 (13 bytes)
1771793334.864574 sending message 112 to peer 0x57a037cb2850 (13 bytes)
1771793334.864577 sending message 112 to peer 0x57a037cb2850 (12 bytes)
1771793334.864580 sending message 112 to peer 0x57a037cb2850 (10 bytes)
1771793334.864583 sending message 112 to peer 0x57a037cb2850 (12 bytes)
1771793334.864586 sending message 112 to peer 0x57a037cb2850 (12 bytes)
1771793334.864589 sending message 112 to peer 0x57a037cb2850 (12 bytes)
1771793334.864593 sending message 112 to peer 0x57a037cb2850 (13 bytes)
1771793334.864596 sending message 112 to peer 0x57a037cb2850 (13 bytes)
1771793334.864599 sending message 112 to peer 0x57a037cb2850 (13 bytes)
1771793334.864602 sending message 112 to peer 0x57a037cb2850 (13 bytes)
1771793334.864605 sending message 112 to peer 0x57a037cb2850 (13 bytes)
1771793334.864608 sending message 112 to peer 0x57a037cb2850 (13 bytes)
1771793334.864611 sending message 112 to peer 0x57a037cb2850 (13 bytes)
1771793334.864615 sending message 112 to peer 0x57a037cb2850 (10 bytes)
1771793334.864618 sending message 112 to peer 0x57a037cb2850 (13 bytes)
1771793334.864621 sending message 112 to peer 0x57a037cb2850 (12 bytes)
1771793334.864623 sending message 112 to peer 0x57a037cb2850 (12 bytes)
1771793334.864626 sending message 112 to peer 0x57a037cb2850 (12 bytes)
1771793334.864630 sending message 112 to peer 0x57a037cb2850 (10 bytes)
1771793334.864633 sending message 112 to peer 0x57a037cb2850 (10 bytes)
1771793334.864636 sending message 112 to peer 0x57a037cb2850 (10 bytes)
1771793334.864639 sending message 112 to peer 0x57a037cb2850 (12 bytes)
1771793334.864643 sending message 112 to peer 0x57a037cb2850 (13 bytes)
1771793334.864646 sending message 112 to peer 0x57a037cb2850 (13 bytes)
1771793334.864649 sending message 112 to peer 0x57a037cb2850 (13 bytes)
1771793334.864652 sending message 112 to peer 0x57a037cb2850 (13 bytes)
1771793334.864655 sending message 112 to peer 0x57a037cb2850 (13 bytes)
1771793334.864658 sending message 112 to peer 0x57a037cb2850 (10 bytes)
1771793334.864661 sending message 112 to peer 0x57a037cb2850 (11 bytes)
1771793334.864664 sending message 112 to peer 0x57a037cb2850 (12 bytes)
1771793334.864667 sending message 112 to peer 0x57a037cb2850 (12 bytes)
1771793334.864670 sending message 112 to peer 0x57a037cb2850 (12 bytes)
1771793334.864673 sending message 112 to peer 0x57a037cb2850 (12 bytes)
1771793334.864676 sending message 112 to peer 0x57a037cb2850 (12 bytes)
1771793334.864679 sending message 112 to peer 0x57a037cb2850 (11 bytes)
1771793334.864682 sending message 112 to peer 0x57a037cb2850 (12 bytes)
1771793334.864685 sending message 112 to peer 0x57a037cb2850 (12 bytes)
1771793334.864688 sending message 112 to peer 0x57a037cb2850 (13 bytes)
1771793334.864691 sending message 112 to peer 0x57a037cb2850 (13 bytes)
1771793334.864694 sending message 112 to peer 0x57a037cb2850 (13 bytes)
1771793334.864697 sending message 112 to peer 0x57a037cb2850 (13 bytes)
1771793334.864700 sending message 112 to peer 0x57a037cb2850 (13 bytes)
1771793334.864703 sending message 112 to peer 0x57a037cb2850 (10 bytes)
1771793334.864707 sending message 112 to peer 0x57a037cb2850 (9 bytes)
1771793334.864710 sending message 112 to peer 0x57a037cb2850 (12 bytes)
1771793334.864713 sending message 112 to peer 0x57a037cb2850 (13 bytes)
1771793334.864716 sending message 112 to peer 0x57a037cb2850 (13 bytes)
1771793334.864722 sending message 112 to peer 0x57a037cb2850 (13 bytes)
1771793334.864725 sending message 112 to peer 0x57a037cb2850 (13 bytes)
1771793334.864728 sending message 112 to peer 0x57a037cb2850 (13 bytes)
1771793334.864732 sending message 112 to peer 0x57a037cb2850 (9 bytes)
1771793334.864735 sending message 112 to peer 0x57a037cb2850 (12 bytes)
1771793334.864738 sending message 112 to peer 0x57a037cb2850 (13 bytes)
1771793334.864741 sending message 112 to peer 0x57a037cb2850 (13 bytes)
1771793334.864744 sending message 112 to peer 0x57a037cb2850 (13 bytes)
1771793334.864747 sending message 112 to peer 0x57a037cb2850 (13 bytes)
1771793334.864750 sending message 112 to peer 0x57a037cb2850 (13 bytes)
1771793334.864753 sending message 112 to peer 0x57a037cb2850 (11 bytes)
1771793334.864757 sending message 112 to peer 0x57a037cb2850 (12 bytes)
1771793334.864761 sending message 112 to peer 0x57a037cb2850 (13 bytes)
1771793334.864764 sending message 112 to peer 0x57a037cb2850 (13 bytes)
1771793334.864767 sending message 112 to peer 0x57a037cb2850 (13 bytes)
1771793334.864770 sending message 112 to peer 0x57a037cb2850 (13 bytes)
1771793334.864773 sending message 112 to peer 0x57a037cb2850 (13 bytes)
1771793334.864776 sending message 112 to peer 0x57a037cb2850 (11 bytes)
1771793334.864779 sending message 112 to peer 0x57a037cb2850 (12 bytes)
1771793334.864782 sending message 112 to peer 0x57a037cb2850 (12 bytes)
1771793334.864785 sending message 112 to peer 0x57a037cb2850 (12 bytes)
1771793334.864792 sending message 112 to peer 0x57a037cb2850 (12 bytes)
1771793334.864814 sending message 112 to peer 0x57a037cb2850 (12 bytes)
1771793334.864817 sending message 112 to peer 0x57a037cb2850 (21 bytes)
1771793334.864820 sending message 112 to peer 0x57a037cb2850 (12 bytes)
1771793334.864824 sending message 112 to peer 0x57a037cb2850 (9 bytes)
1771793334.864827 sending message 112 to peer 0x57a037cb2850 (6 bytes)
1771793334.864830 sending message 112 to peer 0x57a037cb2850 (13 bytes)
1771793334.864833 sending message 112 to peer 0x57a037cb2850 (10 bytes)
1771793334.864836 sending message 112 to peer 0x57a037cb2850 (24 bytes)
1771793334.864840 sending message 112 to peer 0x57a037cb2850 (13 bytes)
1771793334.864843 sending message 112 to peer 0x57a037cb2850 (9 bytes)
1771793334.864846 sending message 112 to peer 0x57a037cb2850 (70 bytes)
1771793334.864850 sending message 112 to peer 0x57a037cb2850 (69 bytes)
1771793334.864852 sending message 112 to peer 0x57a037cb2850 (12 bytes)
1771793334.864854 sending message 112 to peer 0x57a037cb2850 (10 bytes)
1771793334.864856 sending message 112 to peer 0x57a037cb2850 (10 bytes)
1771793334.864860 sending message 112 to peer 0x57a037cb2850 (24 bytes)
1771793334.864862 sending message 112 to peer 0x57a037cb2850 (13 bytes)
1771793334.864864 sending message 112 to peer 0x57a037cb2850 (10 bytes)
1771793334.864866 sending message 112 to peer 0x57a037cb2850 (10 bytes)
1771793334.864868 sending message 112 to peer 0x57a037cb2850 (10 bytes)
1771793334.864869 sending message 112 to peer 0x57a037cb2850 (13 bytes)
1771793334.864871 sending message 112 to peer 0x57a037cb2850 (15 bytes)
1771793334.864873 sending message 112 to peer 0x57a037cb2850 (5 bytes)
1771793334.864877 sending message 104 to peer 0x57a037cb2850 (0 bytes)
1771793334.864879 sending message 110 to peer 0x57a037cb2850 (0 bytes)
1771793334.864882 sending message 107 to peer 0x57a037cb2850 (4 bytes)
1771793334.864885 sending message 105 to peer 0x57a037cb2850 (16 bytes)
1771793334.864887 sending message 105 to peer 0x57a037cb2850 (20 bytes)
1771793334.864889 sending message 105 to peer 0x57a037cb2850 (24 bytes)
1771793334.864891 sending message 105 to peer 0x57a037cb2850 (29 bytes)
1771793334.864893 sending message 105 to peer 0x57a037cb2850 (29 bytes)
1771793334.864898 sending message 105 to peer 0x57a037cb2850 (78 bytes)
1771793334.864900 sending message 105 to peer 0x57a037cb2850 (84 bytes)
1771793334.864903 sending message 105 to peer 0x57a037cb2850 (10 bytes)
1771793334.864905 sending message 105 to peer 0x57a037cb2850 (60 bytes)
1771793334.865312 sending message 105 to peer 0x57a037cb2850 (13 bytes)
1771793334.865320 sending message 105 to peer 0x57a037cb2850 (100 bytes)
1771793334.865324 sending message 105 to peer 0x57a037cb2850 (23 bytes)
1771793334.865328 sending message 105 to peer 0x57a037cb2850 (16 bytes)
1771793334.865331 sending message 105 to peer 0x57a037cb2850 (13 bytes)
1771793334.865334 sending message 105 to peer 0x57a037cb2850 (34 bytes)
1771793334.865337 sending message 105 to peer 0x57a037cb2850 (56 bytes)
1771793334.865341 sending message 105 to peer 0x57a037cb2850 (1519 bytes)
1771793334.865366 sending message 105 to peer 0x57a037cb2850 (26 bytes)
1771793334.865370 sending message 105 to peer 0x57a037cb2850 (114 bytes)
1771793334.865373 sending message 105 to peer 0x57a037cb2850 (65 bytes)
1771793334.865376 sending message 105 to peer 0x57a037cb2850 (31 bytes)
1771793334.865379 sending message 105 to peer 0x57a037cb2850 (65 bytes)
1771793334.865382 sending message 105 to peer 0x57a037cb2850 (35 bytes)
1771793334.865385 sending message 105 to peer 0x57a037cb2850 (34 bytes)
1771793334.865388 sending message 105 to peer 0x57a037cb2850 (20 bytes)
1771793334.865391 sending message 105 to peer 0x57a037cb2850 (79 bytes)
1771793334.865394 sending message 105 to peer 0x57a037cb2850 (32 bytes)
1771793334.865397 sending message 105 to peer 0x57a037cb2850 (10 bytes)
1771793334.865399 sending message 105 to peer 0x57a037cb2850 (64 bytes)
1771793334.865402 sending message 105 to peer 0x57a037cb2850 (11 bytes)
1771793334.865405 sending message 105 to peer 0x57a037cb2850 (8 bytes)
1771793334.865408 sending message 105 to peer 0x57a037cb2850 (32 bytes)
1771793334.865411 sending message 105 to peer 0x57a037cb2850 (86 bytes)
1771793334.865413 sending message 105 to peer 0x57a037cb2850 (34 bytes)
1771793334.865415 sending message 105 to peer 0x57a037cb2850 (131 bytes)
1771793334.865417 sending message 105 to peer 0x57a037cb2850 (87 bytes)
1771793334.865420 sending message 105 to peer 0x57a037cb2850 (65 bytes)
1771793334.865422 sending message 105 to peer 0x57a037cb2850 (1055 bytes)
1771793334.865425 sending message 105 to peer 0x57a037cb2850 (54 bytes)
1771793334.865428 sending message 105 to peer 0x57a037cb2850 (16 bytes)
1771793334.865430 sending message 105 to peer 0x57a037cb2850 (40 bytes)
1771793334.865432 sending message 105 to peer 0x57a037cb2850 (20 bytes)
1771793334.865434 sending message 105 to peer 0x57a037cb2850 (88 bytes)
1771793334.865436 sending message 105 to peer 0x57a037cb2850 (16 bytes)
1771793334.865438 sending message 106 to peer 0x57a037cb2850 (0 bytes)
1771793334.865460 sending message 200 to peer 0x57a037cb2850 (4 bytes)
1771793334.865465 client loop enter
1771793334.865548 client_signal: Child exited
1771793334.993544 peer 0x57a037cb2850 message 207
1771793334.993738 sending message 208 to peer 0x57a037cb2850 (0 bytes)
1771793468.862725 peer 0x57a037cb2850 message 203
1771793468.862913 sending message 205 to peer 0x57a037cb2850 (0 bytes)
1771793468.864175 peer 0x57a037cb2850 message 204
1771793468.864232 client loop exit
