===== gdc project information =====
Data dimensions:[1] 91 10
           id primary_site dbgap_accession_number  project_id disease_type
1   HCMI-CMDC Ovary, H....                   <NA>   HCMI-CMDC Transiti....
2     CPTAC-3 Other an....              phs001287     CPTAC-3 Transiti....
3    TCGA-LGG        Brain                   <NA>    TCGA-LGG      Gliomas
4   TCGA-BRCA       Breast                   <NA>   TCGA-BRCA Adnexal ....
5 CTSP-DLBCL1 Lymph no....              phs001184 CTSP-DLBCL1 Mature B....
6 APOLLO-LUAD Bronchus....              phs003011 APOLLO-LUAD Adenomas....
                                                                name releasable
1 NCI Cancer Model Development for the Human Cancer Model Initiative       TRUE
2         CPTAC-Brain, Head and Neck, Kidney, Lung, Pancreas, Uterus       TRUE
3                                           Brain Lower Grade Glioma       TRUE
4                                          Breast Invasive Carcinoma       TRUE
5             CTSP Diffuse Large B-Cell Lymphoma (DLBCL) CALGB 50303       TRUE
6     APOLLO1: Proteogenomic characterization of lung adenocarcinoma       TRUE
  state released  tumor
1  open     TRUE   CMDC
2  open     TRUE      3
3  open     TRUE    LGG
4  open     TRUE   BRCA
5  open     TRUE DLBCL1
6  open     TRUE   LUAD
===== TCGA-BRCA project information =====
$file_count
[1] 70774

$data_categories
   file_count case_count                data_category
1       21132       1098  Simple Nucleotide Variation
2        9282       1098             Sequencing Reads
3        5317       1098                  Biospecimen
4        2288       1098                     Clinical
5       14346       1098        Copy Number Variation
6        4876       1097      Transcriptome Profiling
7        3714       1097              DNA Methylation
8         919        881           Proteome Profiling
9        3128        927 Somatic Structural Variation
10       5772       1098         Structural Variation

$case_count
[1] 1098

$file_size
[1] 6.249966e+14

Error in value[[3L]](cond) : 
  GDC server down, try to use this package later
In addition: Warning message:
In open.connection(con, "rb") :
  URL 'https://api.gdc.cancer.gov/status': Timeout of 60 seconds was reached
